// Vitest Snapshot v1, https://vitest.dev/guide/snapshot.html

exports[`option > wrong postcss option 1`] = `[Error: Unable to load PostCSS plugin \`pumpinizer\`]`;
