// Vitest Snapshot v1, https://vitest.dev/guide/snapshot.html

exports[`sourcemap > file map 1`] = `[Error: Extracted map detected, but no ID is provided]`;
